
登陆步骤

su  oracle;
[oracle@oracle11g root]$ source ~/.bash_profile

#开启监听

[oracle@oracle11g root]$ lsnrctl start

LSNRCTL for Linux: Version 11.2.0.1.0 - Production on 06-MAY-2013 22:26:03

Copyright (c) 1991, 2009, Oracle.  All rights reserved.

Starting /home/work/oracle/product/11.2.0/db_1/bin/tnslsnr: please wait...

TNSLSNR for Linux: Version 11.2.0.1.0 - Production
System parameter file is /home/work/oracle/product/11.2.0/db_1/network/admin/listener.ora
Log messages written to /home/work/oracle/diag/tnslsnr/oracle11g/listener/alert/log.xml
Listening on: (DESCRIPTION=(ADDRESS=(PROTOCOL=tcp)(HOST=localhost)(PORT=1521)))

Connecting to (ADDRESS=(PROTOCOL=tcp)(HOST=)(PORT=1521))
STATUS of the LISTENER
------------------------
Alias                     LISTENER
Version                   TNSLSNR for Linux: Version 11.2.0.1.0 - Production
Start Date                06-MAY-2013 22:26:03
Uptime                    0 days 0 hr. 0 min. 0 sec
Trace Level               off
Security                  ON: Local OS Authentication
SNMP                      OFF
Listener Parameter File   /home/work/oracle/product/11.2.0/db_1/network/admin/listener.ora
Listener Log File         /home/work/oracle/diag/tnslsnr/oracle11g/listener/alert/log.xml
Listening Endpoints Summary...
  (DESCRIPTION=(ADDRESS=(PROTOCOL=tcp)(HOST=localhost)(PORT=1521)))
Services Summary...
Service "mail" has 1 instance(s).
  Instance "mail", status UNKNOWN, has 1 handler(s) for this service...
The command completed successfully


声明数据库实例名并启动

查看是否已经声明ORACLE_SID实例名
[oracle@oracle11g root]$ echo $ORACLE_SID
mail
若没有，配置ORACLE_SID实例名
[oracle@oracle11g root]$ export ORACLE_SID=mail;

启动oralce数据库
[oracle@oracle11g root]$ dbstart
Processing Database instance "mail": log file /home/work/oracle/product/11.2.0/db_1/startup.log

sqlplus登陆oracle
[oracle@oracle11g root]$ sqlplus /nolog;     

SQL*Plus: Release 11.2.0.1.0 Production on Mon May 6 22:34:43 2013

Copyright (c) 1982, 2009, Oracle.  All rights reserved.

SQL> connect / as sysdba;
Connected to an idle instance.
SQL> startup
ORACLE instance started.

Total System Global Area 1657225216 bytes
Fixed Size                  1336904 bytes
Variable Size             956303800 bytes
Database Buffers          687865856 bytes
Redo Buffers               11718656 bytes
Database mounted.
Database opened.
SQL>  select * from student;
 select * from student
               *
ERROR at line 1:
ORA-00942: table or view does not exist

测试select命令，查看当前实例名
SQL> select instance_name from v$instance;

INSTANCE_NAME
----------------
hello

查看监听状态
lsnrctl status
开启实例
ORACLE instance started;
关闭
shutdown immediate;
挂起
startup mount;



　通过dbstart脚本可以在Linux和Unix下设置Oracle数据库是否自动启动，但是使用前需要进行一些设置.

下面是一些设置的步骤：

　　1、修改$ORACLE_HOME/bin下的dbstart/dbshut文件中下面的条目

ORACLE_HOME_LISTNER=$ORACLE_HOME


　　2、修改/etc/oratab文件，注意在rac环境下有可能实例名并不正确，需要修改为正确的实例名(格式为：$ORACLE_SID:$ORACLE_HOME:Y/N)

+ASM1:/home/oracle/product/10.2.0/db_1:Y
orcl1:/home/oracle/product/10.2.0/db_1:Y


　　3、这样就可以运行dbstart启动数据库和监听了，并可以通过下面的log查看是不是有问题

[oracle@rac1 ~]$ dbstart
Processing ASM instance "+ASM1": log file /home/oracle/product/10.2.0/db_1/startup.log
Processing Database instance "orcl1": log file /home/oracle/product/10.2.0/db_1/startup.log


