使用passenegr安装nginx

[root@localhost ~]# gem install passenge
[root@localhost ~]# passenger-install-nginx-module
[root@localhost ~]# passenger-install-apache2-module（不必执行，与nginx功能相同）

安装过程中需要输入：
1.下载安装包、编译、安装
2.自已手动安装
Enter your choice (1 or 2) or press Ctrl-C to abort:1
指定安装路径（推荐的就可以）
Please specify a prefix directory [/opt/nginx]: /opt/nginx (直接回车也可以)
[root@localhost sbin]# cd /opt/nginx/conf/

测试Nginx的配置文件语法是否正确

[root@localhost sbin]# /opt/nginx/sbin/nginx -t
nginx: the configuration file /opt/nginx/conf/nginx.conf syntax is ok
nginx: configuration file /opt/nginx/conf/nginx.conf test is successfu

修改nginx配置文件
[root@localhost focus_resque]# vi /opt/nginx/conf/nginx.conf
添加如下代码：

    server {
        listen       80;
        server_name 192.168.1.3;
        root /home/work/rails/focus_resque/public;（必须具体到public）
        passenger_enabled on;
    }

nginx常命令

启动nginx
[root@localhost focus_resque]# /opt/nginx/sbin/nginx
关闭nginx
[root@localhost focus_resque]# /opt/nginx/sbin/nginx -s stop
[root@localhost focus_resque]# /opt/nginx/sbin/nginx -s quit
重启nginx
[root@localhost focus_resque]# /opt/nginx/sbin/nginx -s reload


passenger 后台启动
[root@localhost focus_mail]# passenger start -p 80 -d --user webmail
=============== Phusion Passenger Standalone web server started ===============
PID file: /home/work/focus_mail/tmp/pids/passenger.80.pid
Log file: /home/work/focus_mail/log/passenger.80.log
Environment: development
Accessible via: http://0.0.0.0/

Serving in the background as a daemon.
===============================================================================

查看passenger是否启动
[root@localhost focus_mail]# passenger status -p 80
Phusion Passenger Standalone is running on PID 4555, according to PID file /home/work/focus_mail/tmp/pids/passenger.80.pid
[root@localhost focus_mail]# 

passenger关闭
[root@localhost focus_mail]# passenger stop -p 80

查看passenger安装路径

[root@localhost focus_mail]# passenger-config --root
/usr/local/lib/ruby/gems/1.9.1/gems/passenger-3.0.19

查看passenger情况

[root@localhost focus_mail]# passenger-memory-stats

------- Apache processes --------

### Processes: 0
### Total private dirty RSS: 0.00 MB


--------- Nginx processes ----------
PID    PPID   VMSize  Private  Name
------------------------------------
12150  1      7.5 MB  0.2 MB   nginx: master process /opt/nginx/sbin/nginx
12204  12150  7.6 MB  0.4 MB   nginx: worker process
### Processes: 2
### Total private dirty RSS: 0.58 MB


----- Passenger processes -----
PID    VMSize    Private  Name
-------------------------------
12182  4.0 MB    0.2 MB   PassengerWatchdog
12185  19.3 MB   0.9 MB   PassengerHelperAgent
12187  11.9 MB   3.9 MB   Passenger spawn server
12191  7.6 MB    0.3 MB   PassengerLoggingAgent
12251  123.7 MB  79.8 MB  Rack: /home/work/focus_mail
### Processes: 5
### Total private dirty RSS: 85.11 MB
[root@localhost focus_mail]# 

passenger启动报错：
passenger start -e production
ActionView::Template::Error (File to import not found or unreadable: compass/css3/border-radius
解决方法：
# config/enviroments/production.rb
config.assets.precompile += ['web/sign.css'] # and other assets file you need
http://guides.rubyonrails.org/asset_pipeline.html#precompiling-assets

passenger启动报错：
[root@localhost focus_resque]# passenger start
*** ERROR ***
Could not start Passenger Nginx core:
nginx: [alert] could not open error log file: open()
"/tmp/passenger-standalone.28189/logs/error.log" failed (2: No such file or
directory)
nginx: [alert] Unable to start the Phusion Passenger watchdog because its
executable
(/var/lib/passenger-standalone/3.0.19-x86-ruby1.9.3-linux-gcc4.4.6-1002/support/
agents/PassengerWatchdog) does not exist. This probably means that your Phusion
Passenger installation is broken or incomplete, or that your 'passenger_root'
directive is set to the wrong value. Please reinstall Phusion Passenger or fix
your 'passenger_root' directive, whichever is applicable. (-1: Unknown error)
Stopping web server... done
解决方法
[root@localhost focus_resque]# passenger-config --root
/usr/local/lib/ruby/gems/1.9.1/gems/passenger-3.0.19
[root@localhost focus_resque]# cd /usr/local/lib/ruby/gems/1.9.1/gems/passenger-3.0.19
[root@localhost passenger-3.0.19]# rake nginx



# /usr/local/bin/ruby /usr/local/bin/rake nginx:clean nginx RELEASE=yes

Deploying a Ruby on Rails application: an example

Suppose you have a Ruby on Rails application in /somewhere. Add a server block
to your Nginx configuration file, set its root to /somewhere/public, and set
'passenger_enabled on', like this:

   server {
      listen 80;
      server_name www.yourhost.com;
      root /somewhere/public;   # <--- be sure to point to 'public'!
      passenger_enabled on;
   }





[root@localhost work]# passenger --help
Phusion Passenger Standalone, the easiest way to deploy Ruby web apps.

Available commands:

  passenger start            Start Phusion Passenger Standalone.
  passenger stop             Stop a running Phusion Passenger Standalone
                             instance.
  passenger status           Show the status of a running Passenger Standalone
                             instance.
  passenger package-runtime  Package the Phusion Passenger Standalone runtime.

Special options:

  passenger --help      Display this help message.
  passenger --version   Display version number.

For more information about a specific command, please type
'passenger <COMMAND> --help', e.g. 'passenger start --help'.
[root@localhost work]# passenger start --help
Usage: passenger start [directory] [options]
Starts Phusion Passenger Standalone and serve one or more Ruby web applications.
 
Options:
    -a, --address HOST               Bind to HOST address (default: 0.0.0.0)
    -p, --port NUMBER                Use the given port number (default: 3000)
    -S, --socket FILE                Bind to Unix domain socket instead of TCP
                                     socket

    -e, --environment ENV            Framework environment (default:
                                     development)
    -R, --rackup FILE                If Rack application detected, run this
                                     rackup file
        --max-pool-size NUMBER       Maximum number of application processes
                                     (default: 6)
        --min-instances NUMBER       Minimum number of processes per application
                                     (default: 1)
        --spawn-method NAME          The spawn method to use (default:
                                     smart-lv2)
        --rolling-restarts           Enable rolling restarts (Enterprise only)
        --resist-deployment-errors   Enable deployment error resistance
                                     (Enterprise only)
        --union-station-gateway HOST:PORT
                                     Specify Union Station Gateway host and port
        --union-station-key KEY      Specify Union Station key

        --ping-port NUMBER           Use the given port number for checking
                                     whether Nginx is alive (default: same as
                                     the normal port)

    -d, --daemonize                  Daemonize into the background
        --user USERNAME              User to run as. Ignored unless running as
                                     root.
        --log-file FILENAME          Where to write log messages (default:
                                     console, or /dev/null when daemonized)
        --pid-file FILENAME          Where to store the PID file
        --nginx-bin FILENAME         Nginx binary to use as core
        --nginx-version VERSION      Nginx version to use as core (default:
                                     1.2.6)
        --nginx-tarball FILENAME     If Nginx needs to be installed, then the
                                     given tarball will be used instead of
                                     downloading from the Internet
        --binaries-url-root URL      If Nginx needs to be installed, then the
                                     specified URL will be checked for binaries
                                     prior to a local build.
    -h, --help                       Show this help message